## 
##  Zelig (Version 3.5.3, built: 2010-01-20)
##  Please refer to http://gking.harvard.edu/zelig for full
##  documentation or help.zelig() for help with commands and
##  models supported by Zelig.
##

##  Zelig project citations:
##    Kosuke Imai, Gary King, and Olivia Lau. (2009).
##    ``Zelig: Everyone's Statistical Software,''
##    http://gking.harvard.edu/zelig.
##  and
##    Kosuke Imai, Gary King, and Olivia Lau. (2008).
##    ``Toward A Common Framework for Statistical Analysis
##    and Development,'' Journal of Computational and
##    Graphical Statistics, Vol. 17, No. 4 (December)
##    pp. 892-913. 

##  To cite individual Zelig models, please use the citation format printed with
##  each model run and in the documentation.
##
