## 
##  Zelig (Version 3.5.3, built: 2010-01-20)
##  Please refer to http://gking.harvard.edu/zelig for full
##  documentation or help.zelig() for help with commands and
##  models supported by Zelig.
##

##  Zelig project citations:
##    Kosuke Imai, Gary King, and Olivia Lau. (2009).
##    ``Zelig: Everyone's Statistical Software,''
##    http://gking.harvard.edu/zelig.
##  and
##    Kosuke Imai, Gary King, and Olivia Lau. (2008).
##    ``Toward A Common Framework for Statistical Analysis
##    and Development,'' Journal of Computational and
##    Graphical Statistics, Vol. 17, No. 4 (December)
##    pp. 892-913. 

##  To cite individual Zelig models, please use the citation format printed with
##  each model run and in the documentation.
##
$mu1
Ige ~ Fge + Cge

$mu2
Iw ~ Fw + Cw

attr(,"systEqns")
[1] "mu1" "mu2"
attr(,"ancilEqns")
character(0)
attr(,"variables")
attr(,"variables")$mu1
list(Ige, Fge, Cge)

attr(,"variables")$mu2
list(Iw, Fw, Cw)

attr(,"term.labels")
attr(,"term.labels")$mu1
[1] "Fge" "Cge"

attr(,"term.labels")$mu2
[1] "Fw" "Cw"

attr(,"indVars")
[1] "Fge" "Cge" "Fw"  "Cw" 
attr(,"depVars")
attr(,"depVars")$mu1
[1] "Ige"

attr(,"depVars")$mu2
[1] "Iw"

attr(,"depFactors")
[1] FALSE
attr(,"constraints")
[1] FALSE
attr(,"subs")
[1] FALSE
attr(,"response")
[1] 1
attr(,"intercept")
attr(,"intercept")$mu1
[1] 1

attr(,"intercept")$mu2
[1] 1

