Fatal error: cannot open file 'parse.threeslr.R': No such file or directory
